// Jest Snapshot v1, https://goo.gl/fbAQLP

exports[`render quote UI correctly 1`] = `
<div
  className="quotess"
>
  <nav
    className="nav1"
  >
    <p
      className="logo11"
    >
      Math Magic
    </p>
    <ul
      className="right"
    >
      <li>
        <a
          href="/"
        >
          Home
        </a>
      </li>
      <li>
        <a
          href="/calculator"
        >
          Calculator
        </a>
      </li>
      <li>
        <a
          href="/quote"
        >
          Quote
        </a>
      </li>
    </ul>
  </nav>
  <h1>
    Quote here!
  </h1>
  <p
    className="para"
  >
    Math may not teach us how to ADD love or SUBTRACT hate but it gives us hope that EVERY PROBLEM has a SOLUTION . â€“Anonymous
  </p>
</div>
`;
